---
source: protobug/src/tui.rs
expression: rendered
---
┌Protobuf────────────────────────────────────────┐┌JSON────────────────────────────────────────────┐
│timestamp {                                     ││{                                               │
│  seconds: 1234567                              ││  "click": {                                    │
│  nanos: 123                                    ││    "button": "Left",                           │
│}                                               ││    "x": 42,                                    │
└────────────────────────────────────────────────┘│    "y": 100                                    │
┌Hex─────────────────────────────────────────────┐│  },                                            │
│0a 06 08 87 ad 4b 10 7b 12 0c 75 73 65 72 20 63 ││  "reason": "user clicked",                     │
│6c 69 63 6b 65 64 52 04 10 2a 18 64             ││  "timestamp": {                                │
│                                                ││    "nanos": 123,                               │
│                                                ││    "seconds": "1234567"                        │
└────────────────────────────────────────────────┘│  }                                             │
┌ASCII───────────────────────────────────────────┐│}                                               │
│ ....K.{. user c                                ││                                                │
│lickedR..*.d                                    ││                                                │
│                                                ││                                                │
│                                                ││                                                │
└────────────────────────────────────────────────┘└────────────────────────────────────────────────┘
────────────────────────────────────────────────────────────────────────────────────────────────────
Ctrl-C quit | Ctrl-S save configured outputs
