---
source: protobug/src/tui.rs
assertion_line: 676
expression: rendered
---
┌Protobuf────────────────────────────────────────┐┌JSON────────────────────────────────────────────┐
│timestamp {                                     ││  1 {                                           │
│  seconds: 1234567                              ││  2   "click": {                                │
│  nanos: 123                                    ││  3     "button": "Left",                       │
│}                                               ││  4     "x": 42,                                │
└────────────────────────────────────────────────┘│  5     "y": 100                                │
┌Hex─────────────────────────────────────────────┐│  6   },                                        │
│0a 06 08 87 ad 4b 10 7b 12 0c 75 73 65 72 20 63 ││  7   "reason": "user clicked",                 │
│6c 69 63 6b 65 64 52 04 10 2a 18 64             ││  8   "timestamp": {                            │
│                                                ││  9     "nanos": 123,                           │
│                                                ││ 10     "seconds": "1234567"                    │
└────────────────────────────────────────────────┘│ 11   }                                         │
┌ASCII───────────────────────────────────────────┐│ 12 }                                           │
│ ....K.{. user c                                ││                                                │
│lickedR..*.d                                    ││                                                │
│                                                ││                                                │
│                                                ││                                                │
└────────────────────────────────────────────────┘└────────────────────────────────────────────────┘
────────────────────────────────────────────────────────────────────────────────────────────────────
Ctrl-C quit | Ctrl-S save | [ ] columns 16
